// Jest Snapshot v1, https://goo.gl/fbAQLP

exports[`it should render the component it should match the snapshot should match snapshot 1`] = `
Object {
  "asFragment": [Function],
  "baseElement": <body>
    <div>
      <div
        class="App"
      >
        <header
          class="sc-bdvvaa gbShRg header"
        >
          <img
            class="sc-gsDJrp dWTmlB"
            data-testid="logo"
            src="nasa.svg"
          />
          <span
            class="sc-dkPtyc fkhCXL"
          >
            MARS ROVER
          </span>
        </header>
        <main
          class="sc-jrQzUz flytEY"
        >
          <h1
            class="sc-iqsfdx loqvoP"
            style="margin-top: 3rem;"
          >
            ROVER CONTROL BOARD
          </h1>
          <div
            class="sc-crHlIS kwjHRW controlBoard"
          >
            <form
              class="sc-egiSv"
            >
              <div
                class="sc-dJjZJu hQJBly"
              >
                <div
                  class="sc-fFehDp sc-bkkfTU dSPLbK kdYexC"
                >
                  <label
                    class="sc-ksdxAp WIMUZ search__label"
                    for="inputControl"
                  >
                    Send order to rover:
                  </label>
                </div>
                <div
                  class="sc-fFehDp sc-ieebsP dSPLbK hvXGLB"
                  style="display: flex; justify-content: space-between;"
                >
                  <input
                    class="sc-bqiQRQ fzjAig"
                    id="inputControl"
                    type="text"
                    value=""
                  />
                  <button
                    class="sc-fotPbf cnbLHY"
                    disabled=""
                    type="submit"
                  >
                    Go!
                  </button>
                </div>
              </div>
              <div
                class="sc-dJjZJu hQJBly"
              >
                <div
                  class="sc-fFehDp sc-bkkfTU dSPLbK kdYexC"
                >
                  <label
                    class="sc-ksdxAp WIMUZ"
                  >
                    Rover direction:
                  </label>
                </div>
                <div
                  class="sc-fFehDp sc-ieebsP dSPLbK hvXGLB"
                >
                  <p
                    class="sc-hBURRC bKFbtw"
                  >
                     
                    N
                  </p>
                </div>
              </div>
            </form>
            <div
              class="sc-dJjZJu hQJBly"
            >
              <div
                class="sc-fFehDp sc-bkkfTU dSPLbK kdYexC"
              >
                <label
                  class="sc-ksdxAp WIMUZ"
                >
                   Rover position:
                </label>
              </div>
              <div
                class="sc-fFehDp sc-ieebsP dSPLbK hvXGLB"
                style="display: flex; justify-content: space-between;"
              >
                <label
                  class="sc-ksdxAp WIMUZ"
                >
                  X:0 Y:0
                </label>
                <button
                  class="sc-fotPbf cnbLHY"
                >
                  Reset
                </button>
              </div>
            </div>
          </div>
          
          <div
            class="sc-iCfLBT jtplsD grid"
          >
            <div
              class="sc-furvIG iZMSZS"
              data-testid="99"
              id="99"
            />
            <div
              class="sc-furvIG iZMSZS"
              data-testid="89"
              id="89"
            />
            <div
              class="sc-furvIG iZMSZS"
              data-testid="79"
              id="79"
            />
            <div
              class="sc-furvIG iZMSZS"
              data-testid="69"
              id="69"
            />
            <div
              class="sc-furvIG iZMSZS"
              data-testid="59"
              id="59"
            />
            <div
              class="sc-furvIG iZMSZS"
              data-testid="49"
              id="49"
            />
            <div
              class="sc-furvIG iZMSZS"
              data-testid="39"
              id="39"
            />
            <div
              class="sc-furvIG iZMSZS"
              data-testid="29"
              id="29"
            />
            <div
              class="sc-furvIG iZMSZS"
              data-testid="19"
              id="19"
            />
            <div
              class="sc-furvIG iZMSZS"
              data-testid="09"
              id="09"
            />
            <div
              class="sc-furvIG iZMSZS"
              data-testid="98"
              id="98"
            />
            <div
              class="sc-furvIG iZMSZS"
              data-testid="88"
              id="88"
            />
            <div
              class="sc-furvIG iZMSZS"
              data-testid="78"
              id="78"
            />
            <div
              class="sc-furvIG iZMSZS"
              data-testid="68"
              id="68"
            />
            <div
              class="sc-furvIG iZMSZS"
              data-testid="58"
              id="58"
            />
            <div
              class="sc-furvIG iZMSZS"
              data-testid="48"
              id="48"
            />
            <div
              class="sc-furvIG iZMSZS"
              data-testid="38"
              id="38"
            />
            <div
              class="sc-furvIG iZMSZS"
              data-testid="28"
              id="28"
            />
            <div
              class="sc-furvIG iZMSZS"
              data-testid="18"
              id="18"
            />
            <div
              class="sc-furvIG iZMSZS"
              data-testid="08"
              id="08"
            />
          </div>
        </main>
        <div
          class="sc-hKwCoD CQaOl footer"
        >
          <footer
            class="sc-eCImvq PvPWG"
          >
            <a
              class="footer__link"
              data-testid="github-link"
              href="https://github.com/stephane777"
              rel="noreferrer"
              target="_blank"
            >
              <svg
                class="sc-gKckTs lehCFg"
                data-testid="github-svg"
              >
                <use
                  class="grid__icon-use"
                  href="sprite.svg#icon-github"
                />
              </svg>
            </a>
            <p
              class="sc-jRQAMF fvfIEH"
            >
              Created by Stephane Candelas.
            </p>
          </footer>
        </div>
      </div>
    </div>
  </body>,
  "container": <div>
    <div
      class="App"
    >
      <header
        class="sc-bdvvaa gbShRg header"
      >
        <img
          class="sc-gsDJrp dWTmlB"
          data-testid="logo"
          src="nasa.svg"
        />
        <span
          class="sc-dkPtyc fkhCXL"
        >
          MARS ROVER
        </span>
      </header>
      <main
        class="sc-jrQzUz flytEY"
      >
        <h1
          class="sc-iqsfdx loqvoP"
          style="margin-top: 3rem;"
        >
          ROVER CONTROL BOARD
        </h1>
        <div
          class="sc-crHlIS kwjHRW controlBoard"
        >
          <form
            class="sc-egiSv"
          >
            <div
              class="sc-dJjZJu hQJBly"
            >
              <div
                class="sc-fFehDp sc-bkkfTU dSPLbK kdYexC"
              >
                <label
                  class="sc-ksdxAp WIMUZ search__label"
                  for="inputControl"
                >
                  Send order to rover:
                </label>
              </div>
              <div
                class="sc-fFehDp sc-ieebsP dSPLbK hvXGLB"
                style="display: flex; justify-content: space-between;"
              >
                <input
                  class="sc-bqiQRQ fzjAig"
                  id="inputControl"
                  type="text"
                  value=""
                />
                <button
                  class="sc-fotPbf cnbLHY"
                  disabled=""
                  type="submit"
                >
                  Go!
                </button>
              </div>
            </div>
            <div
              class="sc-dJjZJu hQJBly"
            >
              <div
                class="sc-fFehDp sc-bkkfTU dSPLbK kdYexC"
              >
                <label
                  class="sc-ksdxAp WIMUZ"
                >
                  Rover direction:
                </label>
              </div>
              <div
                class="sc-fFehDp sc-ieebsP dSPLbK hvXGLB"
              >
                <p
                  class="sc-hBURRC bKFbtw"
                >
                   
                  N
                </p>
              </div>
            </div>
          </form>
          <div
            class="sc-dJjZJu hQJBly"
          >
            <div
              class="sc-fFehDp sc-bkkfTU dSPLbK kdYexC"
            >
              <label
                class="sc-ksdxAp WIMUZ"
              >
                 Rover position:
              </label>
            </div>
            <div
              class="sc-fFehDp sc-ieebsP dSPLbK hvXGLB"
              style="display: flex; justify-content: space-between;"
            >
              <label
                class="sc-ksdxAp WIMUZ"
              >
                X:0 Y:0
              </label>
              <button
                class="sc-fotPbf cnbLHY"
              >
                Reset
              </button>
            </div>
          </div>
        </div>
        
        <div
          class="sc-iCfLBT jtplsD grid"
        >
          <div
            class="sc-furvIG iZMSZS"
            data-testid="99"
            id="99"
          />
          <div
            class="sc-furvIG iZMSZS"
            data-testid="89"
            id="89"
          />
          <div
            class="sc-furvIG iZMSZS"
            data-testid="79"
            id="79"
          />
          <div
            class="sc-furvIG iZMSZS"
            data-testid="69"
            id="69"
          />
          <div
            class="sc-furvIG iZMSZS"
            data-testid="59"
            id="59"
          />
          <div
            class="sc-furvIG iZMSZS"
            data-testid="49"
            id="49"
          />
          <div
            class="sc-furvIG iZMSZS"
            data-testid="39"
            id="39"
          />
          <div
            class="sc-furvIG iZMSZS"
            data-testid="29"
            id="29"
          />
          <div
            class="sc-furvIG iZMSZS"
            data-testid="19"
            id="19"
          />
          <div
            class="sc-furvIG iZMSZS"
            data-testid="09"
            id="09"
          />
          <div
            class="sc-furvIG iZMSZS"
            data-testid="98"
            id="98"
          />
          <div
            class="sc-furvIG iZMSZS"
            data-testid="88"
            id="88"
          />
          <div
            class="sc-furvIG iZMSZS"
            data-testid="78"
            id="78"
          />
          <div
            class="sc-furvIG iZMSZS"
            data-testid="68"
            id="68"
          />
          <div
            class="sc-furvIG iZMSZS"
            data-testid="58"
            id="58"
          />
          <div
            class="sc-furvIG iZMSZS"
            data-testid="48"
            id="48"
          />
          <div
            class="sc-furvIG iZMSZS"
            data-testid="38"
            id="38"
          />
          <div
            class="sc-furvIG iZMSZS"
            data-testid="28"
            id="28"
          />
          <div
            class="sc-furvIG iZMSZS"
            data-testid="18"
            id="18"
          />
          <div
            class="sc-furvIG iZMSZS"
            data-testid="08"
            id="08"
          />
        </div>
      </main>
      <div
        class="sc-hKwCoD CQaOl footer"
      >
        <footer
          class="sc-eCImvq PvPWG"
        >
          <a
            class="footer__link"
            data-testid="github-link"
            href="https://github.com/stephane777"
            rel="noreferrer"
            target="_blank"
          >
            <svg
              class="sc-gKckTs lehCFg"
              data-testid="github-svg"
            >
              <use
                class="grid__icon-use"
                href="sprite.svg#icon-github"
              />
            </svg>
          </a>
          <p
            class="sc-jRQAMF fvfIEH"
          >
            Created by Stephane Candelas.
          </p>
        </footer>
      </div>
    </div>
  </div>,
  "debug": [Function],
  "findAllByAltText": [Function],
  "findAllByDisplayValue": [Function],
  "findAllByLabelText": [Function],
  "findAllByPlaceholderText": [Function],
  "findAllByRole": [Function],
  "findAllByTestId": [Function],
  "findAllByText": [Function],
  "findAllByTitle": [Function],
  "findByAltText": [Function],
  "findByDisplayValue": [Function],
  "findByLabelText": [Function],
  "findByPlaceholderText": [Function],
  "findByRole": [Function],
  "findByTestId": [Function],
  "findByText": [Function],
  "findByTitle": [Function],
  "getAllByAltText": [Function],
  "getAllByDisplayValue": [Function],
  "getAllByLabelText": [Function],
  "getAllByPlaceholderText": [Function],
  "getAllByRole": [Function],
  "getAllByTestId": [Function],
  "getAllByText": [Function],
  "getAllByTitle": [Function],
  "getByAltText": [Function],
  "getByDisplayValue": [Function],
  "getByLabelText": [Function],
  "getByPlaceholderText": [Function],
  "getByRole": [Function],
  "getByTestId": [Function],
  "getByText": [Function],
  "getByTitle": [Function],
  "queryAllByAltText": [Function],
  "queryAllByDisplayValue": [Function],
  "queryAllByLabelText": [Function],
  "queryAllByPlaceholderText": [Function],
  "queryAllByRole": [Function],
  "queryAllByTestId": [Function],
  "queryAllByText": [Function],
  "queryAllByTitle": [Function],
  "queryByAltText": [Function],
  "queryByDisplayValue": [Function],
  "queryByLabelText": [Function],
  "queryByPlaceholderText": [Function],
  "queryByRole": [Function],
  "queryByTestId": [Function],
  "queryByText": [Function],
  "queryByTitle": [Function],
  "rerender": [Function],
  "unmount": [Function],
}
`;
